<?xml version="1.0" encoding="UTF-8"?>
<testng-results ignored="0" total="6" passed="6" failed="0" skipped="0">
  <reporter-output>
  </reporter-output>
  <suite started-at="2024-12-10T03:29:31 IST" name="QTrip testing" finished-at="2024-12-10T03:29:53 IST" duration-ms="22070">
    <groups>
      <group name="API Tests">
        <method signature="testCase_API_01.TestCase01(java.lang.String,java.lang.String)[pri:0, instance:qtriptest.APITests.testCase_API_01@5fb759d6]" name="TestCase01" class="qtriptest.APITests.testCase_API_01"/>
        <method signature="testCase_API_02.TestCase02()[pri:0, instance:qtriptest.APITests.testCase_API_02@6e2829c7]" name="TestCase02" class="qtriptest.APITests.testCase_API_02"/>
        <method signature="testCase_API_03.TestCase03()[pri:0, instance:qtriptest.APITests.testCase_API_03@3feb2dda]" name="TestCase03" class="qtriptest.APITests.testCase_API_03"/>
        <method signature="testCase_API_04.TestCase04()[pri:0, instance:qtriptest.APITests.testCase_API_04@6a8658ff]" name="TestCase04" class="qtriptest.APITests.testCase_API_04"/>
      </group> <!-- API Tests -->
    </groups>
    <test started-at="2024-12-10T03:29:31 IST" name="API Testing" finished-at="2024-12-10T03:29:53 IST" duration-ms="22070">
      <class name="qtriptest.APITests.testCase_API_01">
        <test-method is-config="true" signature="init()[pri:0, instance:qtriptest.APITests.testCase_API_01@5fb759d6]" started-at="2024-12-10T03:29:31 IST" name="init" finished-at="2024-12-10T03:29:32 IST" duration-ms="922" status="PASS">
          <reporter-output>
          </reporter-output>
        </test-method> <!-- init -->
        <test-method signature="TestCase01(java.lang.String,java.lang.String)[pri:0, instance:qtriptest.APITests.testCase_API_01@5fb759d6]" started-at="2024-12-10T03:29:34 IST" name="TestCase01" description="Verify user registration - login - logout" data-provider="data-provider" finished-at="2024-12-10T03:29:39 IST" duration-ms="5484" status="PASS">
          <params>
            <param index="0">
              <value>
                <![CDATA[testuser@gmail.com]]>
              </value>
            </param>
            <param index="1">
              <value>
                <![CDATA[abc@123]]>
              </value>
            </param>
          </params>
          <reporter-output>
          </reporter-output>
        </test-method> <!-- TestCase01 -->
        <test-method signature="TestCase01(java.lang.String,java.lang.String)[pri:0, instance:qtriptest.APITests.testCase_API_01@5fb759d6]" started-at="2024-12-10T03:29:39 IST" name="TestCase01" description="Verify user registration - login - logout" data-provider="data-provider" finished-at="2024-12-10T03:29:42 IST" duration-ms="2636" status="PASS">
          <params>
            <param index="0">
              <value>
                <![CDATA[TESTUSER@gmail.com]]>
              </value>
            </param>
            <param index="1">
              <value>
                <![CDATA[123456.0]]>
              </value>
            </param>
          </params>
          <reporter-output>
          </reporter-output>
        </test-method> <!-- TestCase01 -->
        <test-method signature="TestCase01(java.lang.String,java.lang.String)[pri:0, instance:qtriptest.APITests.testCase_API_01@5fb759d6]" started-at="2024-12-10T03:29:42 IST" name="TestCase01" description="Verify user registration - login - logout" data-provider="data-provider" finished-at="2024-12-10T03:29:45 IST" duration-ms="2611" status="PASS">
          <params>
            <param index="0">
              <value>
                <![CDATA[123_USER_low@gmail.com]]>
              </value>
            </param>
            <param index="1">
              <value>
                <![CDATA[QWERTY!!!!]]>
              </value>
            </param>
          </params>
          <reporter-output>
          </reporter-output>
        </test-method> <!-- TestCase01 -->
      </class> <!-- qtriptest.APITests.testCase_API_01 -->
      <class name="qtriptest.APITests.testCase_API_02">
        <test-method signature="TestCase02()[pri:0, instance:qtriptest.APITests.testCase_API_02@6e2829c7]" started-at="2024-12-10T03:29:45 IST" name="TestCase02" description="Verify that the search City API Returns the correct number of results" finished-at="2024-12-10T03:29:47 IST" duration-ms="1795" status="PASS">
          <reporter-output>
          </reporter-output>
        </test-method> <!-- TestCase02 -->
      </class> <!-- qtriptest.APITests.testCase_API_02 -->
      <class name="qtriptest.APITests.testCase_API_03">
        <test-method is-config="true" signature="init()[pri:0, instance:qtriptest.APITests.testCase_API_03@3feb2dda]" started-at="2024-12-10T03:29:47 IST" name="init" finished-at="2024-12-10T03:29:47 IST" duration-ms="4" status="PASS">
          <reporter-output>
          </reporter-output>
        </test-method> <!-- init -->
        <test-method signature="TestCase03()[pri:0, instance:qtriptest.APITests.testCase_API_03@3feb2dda]" started-at="2024-12-10T03:29:47 IST" name="TestCase03" description="Verify that a reservation can be made using the QTrip API" finished-at="2024-12-10T03:29:51 IST" duration-ms="4533" status="PASS">
          <reporter-output>
          </reporter-output>
        </test-method> <!-- TestCase03 -->
      </class> <!-- qtriptest.APITests.testCase_API_03 -->
      <class name="qtriptest.APITests.testCase_API_04">
        <test-method is-config="true" signature="init()[pri:0, instance:qtriptest.APITests.testCase_API_04@6a8658ff]" started-at="2024-12-10T03:29:51 IST" name="init" finished-at="2024-12-10T03:29:51 IST" duration-ms="1" status="PASS">
          <reporter-output>
          </reporter-output>
        </test-method> <!-- init -->
        <test-method signature="TestCase04()[pri:0, instance:qtriptest.APITests.testCase_API_04@6a8658ff]" started-at="2024-12-10T03:29:51 IST" name="TestCase04" description="Verify that a duplicate user account cannot be created on the Qtrip Website" finished-at="2024-12-10T03:29:53 IST" duration-ms="2247" status="PASS">
          <reporter-output>
          </reporter-output>
        </test-method> <!-- TestCase04 -->
      </class> <!-- qtriptest.APITests.testCase_API_04 -->
    </test> <!-- API Testing -->
  </suite> <!-- QTrip testing -->
</testng-results>
